
R version 4.5.0 (2025-04-11) -- "How About a Twenty-Six"
Copyright (C) 2025 The R Foundation for Statistical Computing
Platform: aarch64-apple-darwin20

R is free software and comes with ABSOLUTELY NO WARRANTY.
You are welcome to redistribute it under certain conditions.
Type 'license()' or 'licence()' for distribution details.

  Natural language support but running in an English locale

R is a collaborative project with many contributors.
Type 'contributors()' for more information and
'citation()' on how to cite R or R packages in publications.

Type 'demo()' for some demos, 'help()' for on-line help, or
'help.start()' for an HTML browser interface to help.
Type 'q()' to quit R.

[R.app GUI 1.81 (8526) aarch64-apple-darwin20]

[Workspace restored from /Users/admin/.RData]
[History restored from /Users/admin/.Rapp.history]

> install.packages (c ("tm", "wordcloud"))
--- Please select a CRAN mirror for use in this session ---
trying URL 'https://cloud.r-project.org/bin/macosx/big-sur-arm64/contrib/4.5/tm_0.7-16.tgz'
trying URL 'https://cloud.r-project.org/bin/macosx/big-sur-arm64/contrib/4.5/wordcloud_2.6.tgz'

The downloaded binary packages are in
	/var/folders/km/ptgdnx090xvf6fymkyj968t40000gn/T//RtmpT0m0jA/downloaded_packages
> library(tm)
Loading required package: NLP
> library(wordcloud)
Loading required package: RColorBrewer
> setwd("/Users/admin/Documents/Documents - MacBook Pro/Рашит/Университеты/Итмо/ITMO/3 Курс/Системы ИИ/Countries")
> corpus <- Corpus (DirSource ())
> corpus
<<SimpleCorpus>>
Metadata:  corpus specific: 1, document level (indexed): 0
Content:  documents: 6
> summary (corpus)
              Length Class             Mode
Beijing.txt   2      PlainTextDocument list
Chinatown.txt 2      PlainTextDocument list
Islands.txt   2      PlainTextDocument list
Macau.txt     2      PlainTextDocument list
Shanghai.txt  2      PlainTextDocument list
Yokohama.txt  2      PlainTextDocument list
> corpus [[1]] $content
[1] "Beijing is the last of the 4 great ancient capitals of China.\nThe main parts of the Great Wall of China are mostly located around this city"
> corpus [[6]] $content
[1] "With a population of 3.7 million, Yokohama, south of Tokyo, is Japan's second largest city"
> removeEndings <- function(x) gsub (" [''] s", "" ,x)
> > corpus <- tm_map (corpus, content_transformer (removeEndings))
Error: unexpected '>' in ">"
> removeEndings <- function(x) gsub (" [''] s", "" ,x)
> 
> 
> corpus <- tm_map (corpus, content_transformer (removeEndings))
> 
> corpus <- tm_map (corpus, removePunctuation)
> corpus <- tm_map (corpus, stripWhitespace)
> corpus <- tm_map (corpus, removeNumbers)
> corpus <- tm_map (corpus, content_transformer (tolower))
> corpus [[1]] $content
[1] "beijing is the last of the  great ancient capitals of china the main parts of the great wall of china are mostly located around this city"
> corpus [[6]] $content
[1] "with a population of  million yokohama south of tokyo is japans second largest city"
> dtm <- DocumentTermMatrix (corpus)
> tdm <- TermDocumentMatrix (corpus)
> nwor (dtm)
Error in nwor(dtm) : could not find function "nwor"
> nrow(dtm)
[1] 6
> ncol(dtm)
[1] 68
> nrow(tdm)
[1] 68
> ncol(tdm)
[1] 6
> dtm$dimnames$Terms
 [1] "ancient"        "are"            "around"         "beijing"        "capitals"      
 [6] "china"          "city"           "great"          "last"           "located"       
[11] "main"           "mostly"         "parts"          "the"            "this"          
[16] "wall"           "and"            "atmosphere"     "beautiful"      "created"       
[21] "japan"          "largest"        "narrow"         "places"         "plenty"        
[26] "restaurants"    "shops"          "souvenir"       "streets"        "there"         
[31] "town"           "unusual"        "with"           "yokohamas"      "about"         
[36] "chinas"         "contested"      "embassy"        "islands"        "its"           
[41] "lodged"         "position"       "protest"        "reiterated"     "strong"        
[46] "tokyo"          "administrative" "macau"          "one"            "peoples"       
[51] "regions"        "republic"       "special"        "two"            "capital"       
[56] "despite"        "fact"           "major"          "metropolis"     "not"           
[61] "shanghai"       "that"           "japans"         "million"        "population"    
[66] "second"         "south"          "yokohama"      
> as.matrix (tdm (1:12,1:6))
Error in tdm(1:12, 1:6) : could not find function "tdm"
> tdm <- TermDocumentMatrix (corpus)
> as.matrix (tdm [1:12, 1:6])
          Docs
Terms      Beijing.txt Chinatown.txt Islands.txt Macau.txt Shanghai.txt Yokohama.txt
  ancient            1             0           0         0            0            0
  are                1             0           0         0            0            0
  around             1             0           0         0            0            0
  beijing            1             0           0         0            0            0
  capitals           1             0           0         0            0            0
  china              2             3           0         1            2            0
  city               1             0           0         0            0            1
  great              2             0           0         0            0            0
  last               1             0           0         0            0            0
  located            1             0           0         0            0            0
  main               1             0           0         0            0            0
  mostly             1             0           0         0            0            0
> freq <- sort (rowSums (as.matrix (tdm)), decreasing = TRUE)
> head (freq, 10)
    the   china     and    with    city   great   japan largest    town   tokyo 
      9       8       3       3       2       2       2       2       2       2 
> stopwords ("english")
  [1] "i"          "me"         "my"         "myself"     "we"         "our"       
  [7] "ours"       "ourselves"  "you"        "your"       "yours"      "yourself"  
 [13] "yourselves" "he"         "him"        "his"        "himself"    "she"       
 [19] "her"        "hers"       "herself"    "it"         "its"        "itself"    
 [25] "they"       "them"       "their"      "theirs"     "themselves" "what"      
 [31] "which"      "who"        "whom"       "this"       "that"       "these"     
 [37] "those"      "am"         "is"         "are"        "was"        "were"      
 [43] "be"         "been"       "being"      "have"       "has"        "had"       
 [49] "having"     "do"         "does"       "did"        "doing"      "would"     
 [55] "should"     "could"      "ought"      "i'm"        "you're"     "he's"      
 [61] "she's"      "it's"       "we're"      "they're"    "i've"       "you've"    
 [67] "we've"      "they've"    "i'd"        "you'd"      "he'd"       "she'd"     
 [73] "we'd"       "they'd"     "i'll"       "you'll"     "he'll"      "she'll"    
 [79] "we'll"      "they'll"    "isn't"      "aren't"     "wasn't"     "weren't"   
 [85] "hasn't"     "haven't"    "hadn't"     "doesn't"    "don't"      "didn't"    
 [91] "won't"      "wouldn't"   "shan't"     "shouldn't"  "can't"      "cannot"    
 [97] "couldn't"   "mustn't"    "let's"      "that's"     "who's"      "what's"    
[103] "here's"     "there's"    "when's"     "where's"    "why's"      "how's"     
[109] "a"          "an"         "the"        "and"        "but"        "if"        
[115] "or"         "because"    "as"         "until"      "while"      "of"        
[121] "at"         "by"         "for"        "with"       "about"      "against"   
[127] "between"    "into"       "through"    "during"     "before"     "after"     
[133] "above"      "below"      "to"         "from"       "up"         "down"      
[139] "in"         "out"        "on"         "off"        "over"       "under"     
[145] "again"      "further"    "then"       "once"       "here"       "there"     
[151] "when"       "where"      "why"        "how"        "all"        "any"       
[157] "both"       "each"       "few"        "more"       "most"       "other"     
[163] "some"       "such"       "no"         "nor"        "not"        "only"      
[169] "own"        "same"       "so"         "than"       "too"        "very"      
> corpus <- tm_map (corpus, removeWords, stopwords ("english"))
> dtm <- DocumentTermMatrix (corpus)
> tdm <- TermDocumentMatrix (corpus)
> freq <- sort (rowSums (as.matrix (tdm)), decreasing = TRUE)
> head (freq, 10)
  china    city   great   japan largest    town   tokyo ancient  around beijing 
      8       2       2       2       2       2       2       1       1       1 
> wordcloud (names (freq), freq, min.freq = 1, colors = brewer.pal (8, "Dark2"))
> 