
R version 4.5.0 (2025-04-11) -- "How About a Twenty-Six"
Copyright (C) 2025 The R Foundation for Statistical Computing
Platform: aarch64-apple-darwin20

R is free software and comes with ABSOLUTELY NO WARRANTY.
You are welcome to redistribute it under certain conditions.
Type 'license()' or 'licence()' for distribution details.

  Natural language support but running in an English locale

R is a collaborative project with many contributors.
Type 'contributors()' for more information and
'citation()' on how to cite R or R packages in publications.

Type 'demo()' for some demos, 'help()' for on-line help, or
'help.start()' for an HTML browser interface to help.
Type 'q()' to quit R.

[R.app GUI 1.81 (8526) aarch64-apple-darwin20]

[Workspace restored from /Users/admin/.RData]
[History restored from /Users/admin/.Rapp.history]

> install.packages (c ("tm", "wordcloud"))
--- Please select a CRAN mirror for use in this session ---
trying URL 'https://cloud.r-project.org/bin/macosx/big-sur-arm64/contrib/4.5/tm_0.7-16.tgz'
trying URL 'https://cloud.r-project.org/bin/macosx/big-sur-arm64/contrib/4.5/wordcloud_2.6.tgz'

The downloaded binary packages are in
	/var/folders/km/ptgdnx090xvf6fymkyj968t40000gn/T//RtmpC0BWUY/downloaded_packages
> library(tm)
Loading required package: NLP
> library(wordcloud)
Loading required package: RColorBrewer
> setwd("'/Users/admin/Documents/Documents - MacBook Pro/Рашит/Университеты/Итмо/ITMO/3 Курс/Системы ИИ/Countries'")
Error in setwd("'/Users/admin/Documents/Documents - MacBook Pro/Рашит/Университеты/Итмо/ITMO/3 Курс/Системы ИИ/Countries'") : 
  cannot change working directory
> > setwd("'/Users/admin/Documents/Documents - MacBook Pro/Рашит/Университеты/Итмо/ITMO/3 Курс/Системы ИИ/Countries'")
Error: unexpected '>' in ">"
> Error in setwd("/Users/admin/Documents/Documents - MacBook Pro/Рашит/Университеты/Итмо/ITMO/3 Курс/Системы ИИ/Countries") : 
Error: unexpected 'in' in "Error in"
>   cannot change working directory
Error: unexpected symbol in "  cannot change"
> > setwd("/Users/admin/Documents/Documents - MacBook Pro/Рашит/Университеты/Итмо/ITMO/3 Курс/Системы ИИ/Countries")
Error: unexpected '>' in ">"
> 
> setwd("/Users/admin/Documents/Documents - MacBook Pro/Рашит/Университеты/Итмо/ITMO/3 Курс/Системы ИИ/Countries")
> corpus <- Corpus (DirSource ())
> corpus
<<SimpleCorpus>>
Metadata:  corpus specific: 1, document level (indexed): 0
Content:  documents: 6
> summary (corpus)
              Length Class             Mode
Beijing.txt   2      PlainTextDocument list
Chinatown.txt 2      PlainTextDocument list
Islands.txt   2      PlainTextDocument list
Macau.txt     2      PlainTextDocument list
Shanghai.txt  2      PlainTextDocument list
Yokohama.txt  2      PlainTextDocument list
> corpus [[1]] $content
[1] "{\\rtf1\\ansi\\ansicpg1251\\cocoartf2818\n\\cocoatextscaling0\\cocoaplatform0{\\fonttbl\\f0\\fswiss\\fcharset0 Helvetica;}\n{\\colortbl;\\red255\\green255\\blue255;}\n{\\*\\expandedcolortbl;;}\n\\paperw11900\\paperh16840\\margl1440\\margr1440\\vieww11520\\viewh8400\\viewkind0\n\\pard\\tx720\\tx1440\\tx2160\\tx2880\\tx3600\\tx4320\\tx5040\\tx5760\\tx6480\\tx7200\\tx7920\\tx8640\\pardirnatural\\partightenfactor0\n\n\\f0\\fs24 \\cf0 Beijing is the last of the 4 great ancient capitals of China.\\\nThe main parts of the Great Wall of China are mostly located around this city}"
> corpus [[6]] $content
[1] "{\\rtf1\\ansi\\ansicpg1251\\cocoartf2818\n\\cocoatextscaling0\\cocoaplatform0{\\fonttbl\\f0\\fswiss\\fcharset0 Helvetica;}\n{\\colortbl;\\red255\\green255\\blue255;}\n{\\*\\expandedcolortbl;;}\n\\paperw11900\\paperh16840\\margl1440\\margr1440\\vieww11520\\viewh8400\\viewkind0\n\\pard\\tx720\\tx1440\\tx2160\\tx2880\\tx3600\\tx4320\\tx5040\\tx5760\\tx6480\\tx7200\\tx7920\\tx8640\\pardirnatural\\partightenfactor0\n\n\\f0\\fs24 \\cf0 With a population of 3.7 million, Yokohama, south of Tokyo, is Japan's second largest city}"
> removeEndings <- function(x) gsub (" [''] s", "" ,x)
> corpus <- tm_map (corpus, content_transformer (removeEndings))
> corpus <- tm_map (corpus, removePunctuation)
> cprpus <- tm_map (corpus, stripWhitespace)
> corpus <- tm_map (corpus, stripWhitespace)
> corpus <- tm_map (corpus, removeNumbers)
> corpus <- tm_map (corpus, removeNumers)
Error: object 'removeNumers' not found
> corpus <- tm_map (corpus, removeNumbers)
> corpus <- tm_map (corpus, content_transformer (tolower))
> corpus [[1]] $content
[1] "rtfansiansicpgcocoartf cocoatextscalingcocoaplatformfonttblffswissfcharset helvetica colortblredgreenblue expandedcolortbl paperwpaperhmarglmargrviewwviewhviewkind pardtxtxtxtxtxtxtxtxtxtxtxtxpardirnaturalpartightenfactor ffs cf beijing is the last of the  great ancient capitals of china the main parts of the great wall of china are mostly located around this city"
> 